[demos.creative-tim.com/material-dashboard/pages/tables.html]
[demos.creative-tim.com/material-dashboard/assets/img/apple-icon.png]
[demos.creative-tim.com/material-dashboard/assets/img/favicon.png]
[backblue.gif]
[fade.gif]
[index.html]
[www.creative-tim.com/product/material-dashboard.html]
[demos.creative-tim.com/material-dashboard/pages/dashboard.html]
[demos.creative-tim.com/material-dashboard/assets/css/nucleo-icons.css]
[demos.creative-tim.com/material-dashboard/assets/css/nucleo-svg.css]
[kit.fontawesome.com/42d5adcbca.js]
[demos.creative-tim.com/material-dashboard/assets/css/material-dashboard.min2167.css]
[www.google-analytics.com/analytics.js]
[demos.creative-tim.com/material-dashboard/pages/dashboard-2.html]
[demos.creative-tim.com/material-dashboard/assets/img/logo-ct-dark.png]
[demos.creative-tim.com/material-dashboard/pages/billing.html]
[demos.creative-tim.com/material-dashboard/pages/virtual-reality.html]
[demos.creative-tim.com/material-dashboard/pages/rtl.html]
[demos.creative-tim.com/material-dashboard/pages/notifications.html]
[demos.creative-tim.com/material-dashboard/pages/profile.html]
[demos.creative-tim.com/material-dashboard/pages/sign-in.html]
[demos.creative-tim.com/material-dashboard/pages/sign-up.html]
[demos.creative-tim.com/material-dashboard/assets/img/team-2.jpg]
[demos.creative-tim.com/material-dashboard/assets/img/small-logos/logo-spotify.svg]
[demos.creative-tim.com/material-dashboard/assets/img/team-3.jpg]
[demos.creative-tim.com/material-dashboard/assets/img/team-4.jpg]
[demos.creative-tim.com/material-dashboard/assets/img/small-logos/logo-asana.svg]
[demos.creative-tim.com/material-dashboard/assets/img/small-logos/github.svg]
[demos.creative-tim.com/material-dashboard/assets/img/small-logos/logo-atlassian.svg]
[demos.creative-tim.com/material-dashboard/assets/img/small-logos/bootstrap.svg]
[demos.creative-tim.com/material-dashboard/assets/img/small-logos/logo-slack.svg]
[demos.creative-tim.com/material-dashboard/assets/img/small-logos/devto.svg]
[demos.creative-tim.com/cdn-cgi/scripts/5c5dd728/cloudflare-static/email-decode.min.js]
[demos.creative-tim.com/material-dashboard/assets/js/core/popper.min.js]
[demos.creative-tim.com/material-dashboard/assets/js/core/bootstrap.min.js]
[demos.creative-tim.com/material-dashboard/assets/js/plugins/perfect-scrollbar.min.js]
[demos.creative-tim.com/material-dashboard/assets/js/plugins/smooth-scrollbar.min.js]
[buttons.github.io/buttons.js]
[demos.creative-tim.com/material-dashboard/assets/js/material-dashboard.min2167.js]
[demos.creative-tim.com/material-dashboard/pages/tables.html]
[www.creative-tim.com/assets/favicon-9d06eb31fc41af6ef76f2954364a3a0b75637640a367d1816b9bf8b9ce392cb6.ico]
[www.creative-tim.com/assets/apple-touch-icon-precomposed-24e2ef01d16313b2007bc178c55d64c564f71fb746290e81f4cf57f9d394a4c6.png]
[www.creative-tim.com/assets/creative-tim-product-page-18f3c6e81be580879952fcda6f0b0b6ecd0d90b92955f587d3be131a64378296.css]
[maxcdn.bootstrapcdn.com/font-awesome/4.5.0/css/font-awesome.min.css]
[connect.facebook.net/en_US/sdk.js]
[platform.twitter.com/widgets.js]
[www.creative-tim.com/assets/logo/logo-ct-simple-0e135addaeddc410e2e0a2af78b5222369fe90933115fbb7659278a7be5b675e.png]
[www.creative-tim.com/assets/logo/logo-ct-white-478efc355eb3b29de4ee5894211455c1e31e78fadfb1304ca66528bfd4265c60.svg]
[www.creative-tim.com/assets/frameworks/icon-tailwind-d8f0cfa7eee592c9287e9a390d5c924bb11176bbeb0db897a83903b00f27c937.png]
[www.creative-tim.com/assets/frameworks/icon-bootstrap-d76ab1ad4c5721f9bf2e532dbd5814fbe7ce7838b2624cb54549af2eeb825446.png]
[www.creative-tim.com/assets/frameworks/icon-angular-9e87a27f7fb611f8a0fbfae5bd64e886b764bef62fd9f863c8694d7323a6235a.png]
[www.creative-tim.com/assets/frameworks/icon-react-42be32ce0f9d3f7e068637991c1c74362b290655ab58b447d63f50f87b5f8c42.png]
[www.creative-tim.com/assets/frameworks/icon-vue-c12f877d0cba4c9350dad981e8fa3761f94758db252f963528839132eed25c64.png]
[www.creative-tim.com/assets/frameworks/icon-react-native-9c2d324e5f881c431ce7dec31907c191c9ffd6e981e742c6a55c2b0f052e5d0c.png]
[www.creative-tim.com/assets/frameworks/icon-svelte-e5eb72242fe961387486d369f7ae00beb73a3c0ffac499dc2d2af31ed5286f22.png]
[www.creative-tim.com/assets/frameworks/icon-material-ui-84e1e41635aa43bd8a4b211c16df072caef5487d9bbb41fd54d4474f35f1ab10.png]
[www.creative-tim.com/assets/frameworks/icon-vuetify-befea6f05110a8f0148607a6831f947585c838cfcc174aa9cf6a4d83d91c2b4d.png]
[www.creative-tim.com/assets/frameworks/icon-flutter-b8fed1604fdcb5d9370f702b8c3c616ff0ae3e3db5a2c9d02d054741363347f0.png]
[www.creative-tim.com/assets/frameworks/icon-vuematerial-f670dbc95e72d34aa5b146ab0bf41ae5df1e806fc46745ed2edec59ab8ebe405.png]
[www.creative-tim.com/assets/frameworks/icon-reactstrap-d0017791ea0e56ab0001d1f08c45459fc55a6e5e7c7fe1f208041c3964db6b4d.png]
[www.creative-tim.com/assets/frameworks/icon-reactbootstrap-290853783a73c5dc70a8a83a705d7c2e0da95c7b1a44f861d9cc55730bc15f71.png]
[www.creative-tim.com/assets/frameworks/icon-bootstrapvue-f943dee16250053498987da3ff5de0d352c636bd87c26640c8364566513ce412.png]
[www.creative-tim.com/assets/frameworks/icon-laravel-6a1dcc81e9b159b1e7ff38fa103fcab7d4ab47daaa81a067f449dc8ef54d662b.png]
[www.creative-tim.com/assets/frameworks/icon-django-01febaaad5f6fbb71292d543f1569af355660269a156521c89575c99eb0acc29.png]
[www.creative-tim.com/assets/frameworks/icon-flask-d39b6df587b1527e2e68196123ef8e9e1b8ef59a1136b63d8a64321961ba1cb9.png]
[www.creative-tim.com/assets/frameworks/icon-nextjs-050dc61ffdbf8ca9741a58f25bdc2ab0f17ba4f5140a829e1dcbc4d3548b516f.png]
[www.creative-tim.com/assets/frameworks/icon-nuxtjs-24fd91d33ee4af6a88ff8f3c1d370e373e4ccb9f7f6b2af84f2c7d5e215e9b90.png]
[www.creative-tim.com/assets/frameworks/icon-nodejs-e140490a59b28bdddd17abccc0498e4c7107bde45508ac7ff9cba5c76de0d850.png]
[www.creative-tim.com/assets/frameworks/icon-aspnet-b18cdec2351717a7629604749f0f3fd759b91107027cc71c87ee7fab37cfdff0.png]
[www.creative-tim.com/assets/navbar/icon-bundle-f8d166cf8240747eec6bc8c267b25a92fea41d7eb2754a60a150a4db815ad730.png]
[www.creative-tim.com/assets/categories/bootstrap-logo-vector-09fd59e12977ed2b6b03781c02a97d4fd024c669f3770a4af39e07d8703ada46.svg]
[s3.amazonaws.com/creativetim_bucket/products/50/original/material-dashboarda972.jpg]
[www.creative-tim.com/assets/icon-figma-2f45c3264bd19c14db4046e5d4dbe8cabed584cba725e0163c4982c945b27371.jpg]
[www.creative-tim.com/assets/icon-bootstrap-8df4eb5a99fd43c4d5daf58caa27daaa4d5e196a7c58193af129407ac446c693.jpg]
[www.creative-tim.com/assets/icon-sass-0fcd889f70b4c0872c87e892a642a439feeda01129efaea439c6c338f261c4f2.jpg]
[www.creative-tim.com/assets/icon-html-fbffeea849d7e6726178dd5ac4b998f14b1f2f6b12c8bf5a5af08acc99ffd85c.jpg]
[s3.amazonaws.com/creativetim_bucket/products/51/thumb/opt_mdp_thumbnail1a36.jpg]
[sibforms.com/forms/end-form/build/sib-styles.css]
[www.creative-tim.com/product/material-dashboard.html]
[www.creative-tim.com/assets/logo/logo-ct-white-vertical-0fc4b92dda1d5402f78497576a85bbf1810552c5b4b22a3298df9106e2898a1f.svg]
[demos.creative-tim.com/material-dashboard/assets/img/small-logos/logo-xd.svg]
[demos.creative-tim.com/material-dashboard/assets/img/team-1.jpg]
[demos.creative-tim.com/material-dashboard/assets/img/small-logos/logo-jira.svg]
[demos.creative-tim.com/material-dashboard/assets/img/small-logos/logo-invision.svg]
[demos.creative-tim.com/material-dashboard/pages/dashboard.html]
[demos.creative-tim.com/material-dashboard/assets/js/plugins/chartjs.min.js]
[fonts.googleapis.com/css3c34.css]
[fonts.googleapis.com/css27c7e.css]
[demos.creative-tim.com/material-dashboard/pages/dashboard-2.html]
[demos.creative-tim.com/material-dashboard/assets/img/illustrations/pattern-tree.svg]
[demos.creative-tim.com/material-dashboard/assets/img/logos/mastercard.56.delayed]
[demos.creative-tim.com/material-dashboard/assets/img/logos/visa.png]
[demos.creative-tim.com/material-dashboard/pages/billing.html]
[demos.creative-tim.com/material-dashboard/assets/img/vr-bg.jpg]
[demos.creative-tim.com/material-dashboard/assets/img/small-logos/icon-sun-cloud.png]
[demos.creative-tim.com/material-dashboard/pages/virtual-reality.html]
[demos.creative-tim.com/material-dashboard/pages/rtl.html]
[demos.creative-tim.com/material-dashboard/pages/notifications.html]
[demos.creative-tim.com/material-dashboard/assets/img/bruce-mars.jpg]
[demos.creative-tim.com/material-dashboard/assets/img/kal-visuals-square.jpg]
[demos.creative-tim.com/material-dashboard/assets/img/marie.jpg]
[demos.creative-tim.com/material-dashboard/assets/img/ivana-square.jpg]
[demos.creative-tim.com/material-dashboard/assets/img/home-decor-1.jpg]
[demos.creative-tim.com/material-dashboard/assets/img/home-decor-2.jpg]
[demos.creative-tim.com/material-dashboard/assets/img/home-decor-3.jpg]
[demos.creative-tim.com/material-dashboard/pages/profile.html]
[demos.creative-tim.com/material-dashboard/pages/sign-in.html]
[images.unsplash.com/photo-1606744824163-985d376605aa7c9e.jpg]
[demos.creative-tim.com/material-dashboard/assets/img/illustrations/illustration-signup.jpg]
[demos.creative-tim.com/material-dashboard/pages/sign-up.html]
[demos.creative-tim.com/material-dashboard/assets/img/logo-ct-dark.png]
[s3.amazonaws.com/creativetim_bucket/products/450/original/material-dashboard.jpg]
[demos.creative-tim.com/material-dashboard/assets/img/team-3.jpg]
[demos.creative-tim.com/material-dashboard/assets/img/team-2.jpg]
[demos.creative-tim.com/cdn-cgi/scripts/5c5dd728/cloudflare-static/email-decode.min.js]
[demos.creative-tim.com/material-dashboard/assets/css/nucleo-icons.css]
[demos.creative-tim.com/material-dashboard/assets/css/nucleo-svg.css]
[www.creative-tim.com/assets/favicon-9d06eb31fc41af6ef76f2954364a3a0b75637640a367d1816b9bf8b9ce392cb6.ico]
[demos.creative-tim.com/material-dashboard/assets/fonts/nucleo-icons.svg]
[www.creative-tim.com/assets/apple-touch-icon-precomposed-24e2ef01d16313b2007bc178c55d64c564f71fb746290e81f4cf57f9d394a4c6.png]
[www.creative-tim.com/assets/frameworks/icon-tailwind-d8f0cfa7eee592c9287e9a390d5c924bb11176bbeb0db897a83903b00f27c937.png]
[www.creative-tim.com/assets/logo/logo-ct-simple-0e135addaeddc410e2e0a2af78b5222369fe90933115fbb7659278a7be5b675e.png]
[www.creative-tim.com/assets/frameworks/icon-bootstrap-d76ab1ad4c5721f9bf2e532dbd5814fbe7ce7838b2624cb54549af2eeb825446.png]
[www.creative-tim.com/assets/frameworks/icon-angular-9e87a27f7fb611f8a0fbfae5bd64e886b764bef62fd9f863c8694d7323a6235a.png]
[www.creative-tim.com/assets/frameworks/icon-react-42be32ce0f9d3f7e068637991c1c74362b290655ab58b447d63f50f87b5f8c42.png]
[www.creative-tim.com/assets/frameworks/icon-vue-c12f877d0cba4c9350dad981e8fa3761f94758db252f963528839132eed25c64.png]
[www.creative-tim.com/assets/frameworks/icon-react-native-9c2d324e5f881c431ce7dec31907c191c9ffd6e981e742c6a55c2b0f052e5d0c.png]
[www.creative-tim.com/assets/frameworks/icon-svelte-e5eb72242fe961387486d369f7ae00beb73a3c0ffac499dc2d2af31ed5286f22.png]
[www.creative-tim.com/assets/frameworks/icon-material-ui-84e1e41635aa43bd8a4b211c16df072caef5487d9bbb41fd54d4474f35f1ab10.png]
[www.creative-tim.com/assets/frameworks/icon-vuetify-befea6f05110a8f0148607a6831f947585c838cfcc174aa9cf6a4d83d91c2b4d.png]
[www.creative-tim.com/assets/frameworks/icon-flutter-b8fed1604fdcb5d9370f702b8c3c616ff0ae3e3db5a2c9d02d054741363347f0.png]
[www.creative-tim.com/assets/frameworks/icon-vuematerial-f670dbc95e72d34aa5b146ab0bf41ae5df1e806fc46745ed2edec59ab8ebe405.png]
[www.creative-tim.com/assets/frameworks/icon-reactstrap-d0017791ea0e56ab0001d1f08c45459fc55a6e5e7c7fe1f208041c3964db6b4d.png]
[www.creative-tim.com/assets/frameworks/icon-reactbootstrap-290853783a73c5dc70a8a83a705d7c2e0da95c7b1a44f861d9cc55730bc15f71.png]
[www.creative-tim.com/assets/frameworks/icon-bootstrapvue-f943dee16250053498987da3ff5de0d352c636bd87c26640c8364566513ce412.png]
[www.creative-tim.com/assets/frameworks/icon-laravel-6a1dcc81e9b159b1e7ff38fa103fcab7d4ab47daaa81a067f449dc8ef54d662b.png]
[www.creative-tim.com/assets/frameworks/icon-django-01febaaad5f6fbb71292d543f1569af355660269a156521c89575c99eb0acc29.png]
[www.creative-tim.com/assets/frameworks/icon-flask-d39b6df587b1527e2e68196123ef8e9e1b8ef59a1136b63d8a64321961ba1cb9.png]
[www.creative-tim.com/assets/frameworks/icon-nextjs-050dc61ffdbf8ca9741a58f25bdc2ab0f17ba4f5140a829e1dcbc4d3548b516f.png]
[www.creative-tim.com/assets/frameworks/icon-nuxtjs-24fd91d33ee4af6a88ff8f3c1d370e373e4ccb9f7f6b2af84f2c7d5e215e9b90.png]
[www.creative-tim.com/assets/frameworks/icon-nodejs-e140490a59b28bdddd17abccc0498e4c7107bde45508ac7ff9cba5c76de0d850.png]
[www.creative-tim.com/assets/frameworks/icon-aspnet-b18cdec2351717a7629604749f0f3fd759b91107027cc71c87ee7fab37cfdff0.png]
[www.creative-tim.com/assets/navbar/icon-bundle-f8d166cf8240747eec6bc8c267b25a92fea41d7eb2754a60a150a4db815ad730.png]
[www.creative-tim.com/assets/icon-figma-2f45c3264bd19c14db4046e5d4dbe8cabed584cba725e0163c4982c945b27371.jpg]
[www.creative-tim.com/assets/icon-bootstrap-8df4eb5a99fd43c4d5daf58caa27daaa4d5e196a7c58193af129407ac446c693.jpg]
[www.creative-tim.com/assets/icon-sass-0fcd889f70b4c0872c87e892a642a439feeda01129efaea439c6c338f261c4f2.jpg]
[www.creative-tim.com/assets/icon-html-fbffeea849d7e6726178dd5ac4b998f14b1f2f6b12c8bf5a5af08acc99ffd85c.jpg]
[demos.creative-tim.com/material-dashboard/assets/img/team-1.jpg]
[demos.creative-tim.com/material-dashboard/assets/img/vr-bg.jpg]
[demos.creative-tim.com/material-dashboard/assets/img/kal-visuals-square.jpg]
[demos.creative-tim.com/material-dashboard/assets/img/small-logos/icon-sun-cloud.png]
[demos.creative-tim.com/material-dashboard/assets/img/marie.jpg]
[demos.creative-tim.com/material-dashboard/assets/img/home-decor-1.jpg]
[demos.creative-tim.com/material-dashboard/assets/img/home-decor-2.jpg]
[demos.creative-tim.com/material-dashboard/assets/img/home-decor-3.jpg]
[demos.creative-tim.com/material-dashboard/assets/img/illustrations/illustration-signup.jpg]
[fonts.googleapis.com/css27c7e.css]
[demos.creative-tim.com/material-dashboard/assets/css/material-dashboard.min2167.css]
[www.googletagmanager.com/gtm5445.html]
[images.unsplash.com/photo-1606744824163-985d376605aa7c9e.jpg]
[demos.creative-tim.com/material-dashboard/pages/billing.html]
[demos.creative-tim.com/material-dashboard/assets/img/small-logos/logo-spotify.svg]
[demos.creative-tim.com/material-dashboard/assets/img/small-logos/logo-asana.svg]
[demos.creative-tim.com/material-dashboard/assets/img/small-logos/github.svg]
[demos.creative-tim.com/material-dashboard/assets/img/small-logos/logo-atlassian.svg]
[demos.creative-tim.com/material-dashboard/assets/img/small-logos/bootstrap.svg]
[demos.creative-tim.com/material-dashboard/assets/img/small-logos/logo-slack.svg]
[demos.creative-tim.com/material-dashboard/assets/img/small-logos/devto.svg]
[www.creative-tim.com/assets/creative-tim-product-page-18f3c6e81be580879952fcda6f0b0b6ecd0d90b92955f587d3be131a64378296.css]
[maxcdn.bootstrapcdn.com/font-awesome/4.5.0/css/font-awesome.min.css]
[connect.facebook.net/en_US/sdk.js]
[www.creative-tim.com/assets/logo/logo-ct-white-478efc355eb3b29de4ee5894211455c1e31e78fadfb1304ca66528bfd4265c60.svg]
[www.creative-tim.com/assets/categories/bootstrap-logo-vector-09fd59e12977ed2b6b03781c02a97d4fd024c669f3770a4af39e07d8703ada46.svg]
[sibforms.com/forms/end-form/build/sib-styles.css]
[www.creative-tim.com/assets/logo/logo-ct-white-vertical-0fc4b92dda1d5402f78497576a85bbf1810552c5b4b22a3298df9106e2898a1f.svg]
[demos.creative-tim.com/material-dashboard/assets/img/small-logos/logo-xd.svg]
[demos.creative-tim.com/material-dashboard/assets/img/small-logos/logo-jira.svg]
[demos.creative-tim.com/material-dashboard/assets/img/small-logos/logo-invision.svg]
[demos.creative-tim.com/material-dashboard/assets/img/illustrations/pattern-tree.svg]
[demos.creative-tim.com/material-dashboard/assets/img/logos/mastercard.html]
[demos.creative-tim.com/material-dashboard/assets/img/logos/visa.html]
[demos.creative-tim.com/material-dashboard/assets/fonts/nucleo-icons.svg]
